// Jest Snapshot v1, https://goo.gl/fbAQLP

exports[`generates correct metadata for: dynamic route 1`] = `
{
  "canonical": undefined,
  "description": "View transaction 0x12345 on Blockscout (Blockscout) Explorer",
  "opengraph": {
    "description": "",
    "imageUrl": "",
    "title": "Blockscout transaction 0x12345 | Blockscout",
  },
  "title": "Blockscout transaction 0x12345 | Blockscout",
}
`;

exports[`generates correct metadata for: dynamic route with API data 1`] = `
{
  "canonical": undefined,
  "description": "0x12345, balances and analytics on the Blockscout (Blockscout) Explorer",
  "opengraph": {
    "description": "",
    "imageUrl": "",
    "title": "Blockscout USDT token details | Blockscout",
  },
  "title": "Blockscout USDT token details | Blockscout",
}
`;

exports[`generates correct metadata for: static route 1`] = `
{
  "canonical": "http://localhost:3000/txs",
  "description": "Moca Chain Explorer allows you to explore and search the Moca Chain for transactions, verifiable credentials, addresses, tokens, prices and other activities taking place on Moca Chain and its dStorage.",
  "opengraph": {
    "description": "",
    "imageUrl": "http://localhost:3000/static/og_placeholder2.png",
    "title": "Blockscout transactions - Blockscout explorer | Blockscout",
  },
  "title": "Blockscout transactions - Blockscout explorer | Blockscout",
}
`;
